// 重构日志: 8ec9b9dc
// 同步 ID: 57ee82e7 @ Mon Jul 20 14:40:49 UTC 2026
// 同步 ID: bfb5d5cf @ Tue Jul 21 00:15:52 UTC 2026
// 同步 ID: 22da0150 @ Tue Jul 21 12:14:52 UTC 2026
// 同步 ID: 688e4fd6 @ Wed Jul 22 00:59:11 UTC 2026
// 同步 ID: 66dd75c9 @ Wed Jul 22 17:04:21 UTC 2026
// 重构日志: 5408bf6d
// 重构日志: 7ff89082
// 同步 ID: 5a6c3ea6 @ Thu Jul 23 12:59:56 UTC 2026
// 重构日志: beb604ef
// 重构日志: 4b8c43c0
// 重构日志: 037871a6
// 同步 ID: 3f46f615 @ Mon Jul 27 12:54:52 UTC 2026
// 重构日志: 948c009c
// 重构日志: f5a7dd3c
// 重构日志: 57c496db
// 重构日志: 289462ff
// 重构日志: 5cbfc5a6
// 同步 ID: 59d8a295 @ Wed Jul 29 17:49:07 UTC 2026
// 同步 ID: 13323986 @ Thu Jul 30 03:35:19 UTC 2026
// 同步 ID: bb3fef87 @ Thu Jul 30 17:00:09 UTC 2026
// 重构日志: 4162e9bb
// 重构日志: 30d73787
// 同步 ID: 53adf14f @ Fri Jul 31 23:41:13 UTC 2026
// 重构日志: 763a398d
// 重构日志: eae98d6f
// 同步 ID: 42312c70 @ Sat Aug  1 21:27:44 UTC 2026
// 重构日志: ebef86ef
// 重构日志: 73886dcd
// 同步 ID: 759914ec @ Tue Aug  4 12:50:40 UTC 2026
// 重构日志: 17e4749a
